node.exe : npm 
verbose cli 
C:\Program Files\node
js\node.exe 
C:\Program Files\node
js\node_modules\npm\b
in\npm-cli.js
En línea: 1 
Carácter: 1
+ & "C:\Program Files
\nodejs/node.exe" 
"C:\Program 
Files\nodejs/node_mo 
...
+ ~~~~~~~~~~~~~~~~~~~
~~~~~~~~~~~~~~~~~~~~~
~~~~~~~~~~~~~~~~~~~~~
~~~~~~~~
    + CategoryInfo   
           : NotSpe  
  cified: (npm ver   
 bose cli...\bin\    
npm-cli.js:Strin    
g) [], RemoteExc    
eption
    + FullyQualified 
   ErrorId : Native  
  CommandError
 
npm info using 
npm@11.6.2
npm info using 
node@v24.12.0
npm verbose title 
npm run build
npm verbose argv 
"run" "build" 
"--loglevel" 
"verbose"
npm verbose logfile 
logs-max:10 dir:C:\Us
ers\morer\AppData\Loc
al\npm-cache\_logs\20
26-01-23T17_54_41_634
Z-
npm verbose logfile C
:\Users\morer\AppData
\Local\npm-cache\_log
s\2026-01-23T17_54_41
_634Z-debug-0.log

> gym-premium@0.1.0 build
> next build

Ôû▓ Next.js 16.1.4 (Turbopack)
- Environments: .env.local

ÔÜá The "middleware" 
file convention is 
deprecated. Please 
use "proxy" instead. 
Learn more: https://n
extjs.org/docs/messag
es/middleware-to-prox
y
  Creating an optimized production build ...
Ô£ô Compiled successfully in 3.8s
  Running TypeScript ...
Failed to compile.

.next/dev/types/valid
ator.ts:69:39
Type error: Cannot 
find module '../../..
/src/app/admin/dashbo
ard/page.js' or its 
corresponding type 
declarations.

[0m [90m 67 |[39m 
{
 [90m 68 |[39m   
type __IsExpected[33
m<[39m[33mSpecific
[39m 
[36mextends[39m [3
3mAppPageConfig[39m
[33m<[39m[32m"/admi
n/dashboard"[39m[33
m>>[39m [33m=[39m 
[33mSpecific[39m
[31m[1m>[22m[39m
[90m 69 |[39m   
[36mconst[39m 
handler [33m=[39m 
{} [36mas[39m 
[36mtypeof[39m [36
mimport[39m([32m"..
/../../src/app/admin/
dashboard/page.js"[3
9m)
 [90m    |[39m     
                     
             
[31m[1m^[22m[39m
 [90m 70 |[39m   
type __Check 
[33m=[39m __IsExpec
ted[33m<[39m[36mty
peof[39m 
handler[33m>[39m
 [90m 71 |[39m   
[90m// 
@ts-ignore[39m
 [90m 72 |[39m   
type __Unused 
[33m=[39m 
__Check[0m
Next.js build worker 
exited with code: 1 
and signal: null
npm verbose cwd C:\Us
ers\morer\OneDrive\De
sktop\GYMs\gym-premiu
m
npm verbose os 
Windows_NT 10.0.26200
npm verbose node 
v24.12.0
npm verbose npm  
v11.6.2
npm verbose exit 1
npm verbose code 1
